// Jest Snapshot v1, https://goo.gl/fbAQLP

exports[`Home Page Renders Correctly 1`] = `null`;
