// Jest Snapshot v1, https://goo.gl/fbAQLP

exports[`Course Page Renders Correctly 1`] = `null`;
