// Jest Snapshot v1, https://goo.gl/fbAQLP

exports[`Not Found Renders Correctly 1`] = `
<div
  className="notFound"
>
  <h2>
    Sorry
  </h2>
  <p>
    That page cannot be found
  </p>
  <a
    href="/"
    onClick={[Function]}
  >
    Back to the homepage...
  </a>
</div>
`;
